// Jest Snapshot v1, https://goo.gl/fbAQLP

exports[`Pruebas en <CounterApp /> debe de hacer match con el snapshot 1`] = `"<h1>CounterApp</h1><h2 data-testid="test-counter">100</h2><button>+</button><button>-</button><button aria-label="btn-reset">Reset</button>"`;
